
Memory Configuration

Name             Origin             Length             Attributes
*default*        0x0000000000000000 0xffffffffffffffff

Linker script and memory map

LOAD source/alice.o
LOAD source/clib.o
LOAD source/compat.o
LOAD source/config.o
LOAD source/crypto.o
LOAD source/debug.o
LOAD source/dram.o
LOAD source/ernie.o
LOAD source/ex.o
LOAD source/glitch.o
LOAD source/gpio.o
LOAD source/heap.o
LOAD source/i2.o
LOAD source/jig.o
LOAD source/maika.o
LOAD source/main.o
LOAD source/perv.o
LOAD source/regina.o
LOAD source/rp.o
LOAD source/sdif.o
LOAD source/sm.o
LOAD source/spi.o
LOAD source/stor.o
LOAD source/test.o
LOAD source/uart.o
LOAD source/utils.o
LOAD source/ex.ao
LOAD source/glitch_vector.ao
LOAD source/debug.ao
LOAD source/util.ao
LOAD source/glitch_config.ao
                0x0000000000000000                _as_ARM_BOOT = 0x0
                0x0000000000008000                _as_ARM_BOOT_size = 0x8000
                0x0000000000008000                _as_ARM_BOOT_end = 0x8000
                0x0000000000040000                _as_F00D_SRAM = 0x40000
                0x0000000000020000                _as_F00D_SRAM_size = 0x20000
                0x0000000000060000                _as_F00D_SRAM_end = 0x60000
                0x0000000000300000                _as_F00D_ICACHE = 0x300000
                0x0000000000010000                _as_F00D_ICACHE_size = 0x10000
                0x0000000000310000                _as_F00D_ICACHE_end = 0x310000
                0x0000000000310000                _as_F00D_ICACHE_TAG = 0x310000
                0x0000000000010000                _as_F00D_ICACHE_TAG_size = 0x10000
                0x0000000000320000                _as_F00D_ICACHE_TAG_end = 0x320000
                0x0000000000320000                _as_F00D_DCACHE = 0x320000
                0x0000000000010000                _as_F00D_DCACHE_size = 0x10000
                0x0000000000330000                _as_F00D_DCACHE_end = 0x330000
                0x0000000000330000                _as_F00D_DCACHE_TAG = 0x330000
                0x0000000000010000                _as_F00D_DCACHE_TAG_size = 0x10000
                0x0000000000340000                _as_F00D_DCACHE_TAG_end = 0x340000
                0x0000000000800000                _as_F00D_CACHED_SRAM = 0x800000
                0x0000000000020000                _as_F00D_CACHED_SRAM_size = 0x20000
                0x0000000000820000                _as_F00D_CACHED_SRAM_end = 0x820000
                0x000000001a000000                _as_ARM_CTRL = 0x1a000000
                0x0000000000003000                _as_ARM_CTRL_size = 0x3000
                0x000000001a003000                _as_ARM_CTRL_end = 0x1a003000
                0x000000001c000000                _as_TACHYON_EDRAM = 0x1c000000
                0x0000000000200000                _as_TACHYON_EDRAM_size = 0x200000
                0x000000001c200000                _as_TACHYON_EDRAM_end = 0x1c200000
                0x000000001d000000                _as_DEVNULL = 0x1d000000
                0x0000000000001000                _as_DEVNULL_size = 0x1000
                0x000000001d001000                _as_DEVNULL_end = 0x1d001000
                0x000000001d001000                _as_EDEVNULL = 0x1d001000
                0x0000000000001000                _as_EDEVNULL_size = 0x1000
                0x000000001d002000                _as_EDEVNULL_end = 0x1d002000
                0x000000001f000000                _as_SPAD32K = 0x1f000000
                0x0000000000008000                _as_SPAD32K_size = 0x8000
                0x000000001f008000                _as_SPAD32K_end = 0x1f008000
                0x000000001f840000                _as_SPAD128K = 0x1f840000
                0x0000000000020000                _as_SPAD128K_size = 0x20000
                0x000000001f860000                _as_SPAD128K_end = 0x1f860000
                0x0000000020000000                _as_VRAM = 0x20000000
                0x0000000008000000                _as_VRAM_size = 0x8000000
                0x0000000028000000                _as_VRAM_end = 0x28000000
                0x0000000040000000                _as_MAIN_DRAM = 0x40000000
                0x0000000040000000                _as_MAIN_DRAM_size = 0x40000000
                0x0000000080000000                _as_MAIN_DRAM_end = 0x80000000
                0x0000000080000000                _as_SUB_DRAM = 0x80000000
                0x0000000040000000                _as_SUB_DRAM_size = 0x40000000
                0x00000000c0000000                _as_SUB_DRAM_end = 0xc0000000
                0x00000000e0000000                _as_MAIKA = 0xe0000000
                0x0000000000100000                _as_MAIKA_size = 0x100000
                0x00000000e0100000                _as_MAIKA_end = 0xe0100000
                0x00000000e0100000                _as_GPIO1 = 0xe0100000
                0x0000000000010000                _as_GPIO1_size = 0x10000
                0x00000000e0110000                _as_GPIO1_end = 0xe0110000
                0x00000000e0400000                _as_DMAC4 = 0xe0400000
                0x0000000000010000                _as_DMAC4_size = 0x10000
                0x00000000e0410000                _as_DMAC4_end = 0xe0410000
                0x00000000e0410000                _as_DMAC5 = 0xe0410000
                0x0000000000010000                _as_DMAC5_size = 0x10000
                0x00000000e0420000                _as_DMAC5_end = 0xe0420000
                0x00000000e0420000                _as_I2S0 = 0xe0420000
                0x0000000000010000                _as_I2S0_size = 0x10000
                0x00000000e0430000                _as_I2S0_end = 0xe0430000
                0x00000000e0430000                _as_I2S1 = 0xe0430000
                0x0000000000010000                _as_I2S1_size = 0x10000
                0x00000000e0440000                _as_I2S1_end = 0xe0440000
                0x00000000e0440000                _as_I2S2 = 0xe0440000
                0x0000000000010000                _as_I2S2_size = 0x10000
                0x00000000e0450000                _as_I2S2_end = 0xe0450000
                0x00000000e0450000                _as_I2S3 = 0xe0450000
                0x0000000000010000                _as_I2S3_size = 0x10000
                0x00000000e0460000                _as_I2S3_end = 0xe0460000
                0x00000000e0460000                _as_I2S5 = 0xe0460000
                0x0000000000010000                _as_I2S5_size = 0x10000
                0x00000000e0470000                _as_I2S5_end = 0xe0470000
                0x00000000e0470000                _as_I2S4 = 0xe0470000
                0x0000000000010000                _as_I2S4_size = 0x10000
                0x00000000e0480000                _as_I2S4_end = 0xe0480000
                0x00000000e0480000                _as_I2S6 = 0xe0480000
                0x0000000000010000                _as_I2S6_size = 0x10000
                0x00000000e0490000                _as_I2S6_end = 0xe0490000
                0x00000000e0490000                _as_I2S7 = 0xe0490000
                0x0000000000010000                _as_I2S7_size = 0x10000
                0x00000000e04a0000                _as_I2S7_end = 0xe04a0000
                0x00000000e04a0000                _as_SRC0 = 0xe04a0000
                0x0000000000010000                _as_SRC0_size = 0x10000
                0x00000000e04b0000                _as_SRC0_end = 0xe04b0000
                0x00000000e04b0000                _as_SRC1 = 0xe04b0000
                0x0000000000010000                _as_SRC1_size = 0x10000
                0x00000000e04c0000                _as_SRC1_end = 0xe04c0000
                0x00000000e04c0000                _as_SRC2 = 0xe04c0000
                0x0000000000010000                _as_SRC2_size = 0x10000
                0x00000000e04d0000                _as_SRC2_end = 0xe04d0000
                0x00000000e04d0000                _as_SPDIF = 0xe04d0000
                0x000000000000c000                _as_SPDIF_size = 0xc000
                0x00000000e04dc000                _as_SPDIF_end = 0xe04dc000
                0x00000000e04dc000                _as_ACLKGEN = 0xe04dc000
                0x0000000000004000                _as_ACLKGEN_size = 0x4000
                0x00000000e04e0000                _as_ACLKGEN_end = 0xe04e0000
                0x00000000e04e0000                _as_DMAC5_KEYRING = 0xe04e0000
                0x0000000000010000                _as_DMAC5_KEYRING_size = 0x10000
                0x00000000e04f0000                _as_DMAC5_KEYRING_end = 0xe04f0000
                0x00000000e0500000                _as_I2C0 = 0xe0500000
                0x0000000000010000                _as_I2C0_size = 0x10000
                0x00000000e0510000                _as_I2C0_end = 0xe0510000
                0x00000000e0510000                _as_I2C1 = 0xe0510000
                0x0000000000010000                _as_I2C1_size = 0x10000
                0x00000000e0520000                _as_I2C1_end = 0xe0520000
                0x00000000e0800000                _as_SUBLCD = 0xe0800000
                0x0000000000010000                _as_SUBLCD_size = 0x10000
                0x00000000e0810000                _as_SUBLCD_end = 0xe0810000
                0x00000000e0900000                _as_SMSHC = 0xe0900000
                0x0000000000010000                _as_SMSHC_size = 0x10000
                0x00000000e0910000                _as_SMSHC_end = 0xe0910000
                0x00000000e0a00000                _as_SPI0 = 0xe0a00000
                0x0000000000010000                _as_SPI0_size = 0x10000
                0x00000000e0a10000                _as_SPI0_end = 0xe0a10000
                0x00000000e0a10000                _as_SPI1 = 0xe0a10000
                0x0000000000010000                _as_SPI1_size = 0x10000
                0x00000000e0a20000                _as_SPI1_end = 0xe0a20000
                0x00000000e0a20000                _as_SPI2 = 0xe0a20000
                0x0000000000010000                _as_SPI2_size = 0x10000
                0x00000000e0a30000                _as_SPI2_end = 0xe0a30000
                0x00000000e0b00000                _as_SDIF0 = 0xe0b00000
                0x0000000000010000                _as_SDIF0_size = 0x10000
                0x00000000e0b10000                _as_SDIF0_end = 0xe0b10000
                0x00000000e0c00000                _as_SDIF1 = 0xe0c00000
                0x0000000000010000                _as_SDIF1_size = 0x10000
                0x00000000e0c10000                _as_SDIF1_end = 0xe0c10000
                0x00000000e0c10000                _as_SDIF2 = 0xe0c10000
                0x0000000000010000                _as_SDIF2_size = 0x10000
                0x00000000e0c20000                _as_SDIF2_end = 0xe0c20000
                0x00000000e0c20000                _as_SDIF3 = 0xe0c20000
                0x0000000000010000                _as_SDIF3_size = 0x10000
                0x00000000e0c30000                _as_SDIF3_end = 0xe0c30000
                0x00000000e2030000                _as_UART0 = 0xe2030000
                0x0000000000010000                _as_UART0_size = 0x10000
                0x00000000e2040000                _as_UART0_end = 0xe2040000
                0x00000000e2040000                _as_UART1 = 0xe2040000
                0x0000000000010000                _as_UART1_size = 0x10000
                0x00000000e2050000                _as_UART1_end = 0xe2050000
                0x00000000e2050000                _as_UART2 = 0xe2050000
                0x0000000000010000                _as_UART2_size = 0x10000
                0x00000000e2060000                _as_UART2_end = 0xe2060000
                0x00000000e2060000                _as_UART3 = 0xe2060000
                0x0000000000010000                _as_UART3_size = 0x10000
                0x00000000e2070000                _as_UART3_end = 0xe2070000
                0x00000000e2070000                _as_UART4 = 0xe2070000
                0x0000000000010000                _as_UART4_size = 0x10000
                0x00000000e2080000                _as_UART4_end = 0xe2080000
                0x00000000e2080000                _as_UART5 = 0xe2080000
                0x0000000000010000                _as_UART5_size = 0x10000
                0x00000000e2090000                _as_UART5_end = 0xe2090000
                0x00000000e2090000                _as_UART6 = 0xe2090000
                0x0000000000010000                _as_UART6_size = 0x10000
                0x00000000e20a0000                _as_UART6_end = 0xe20a0000
                0x00000000e20a0000                _as_GPIO0 = 0xe20a0000
                0x0000000000010000                _as_GPIO0_size = 0x10000
                0x00000000e20b0000                _as_GPIO0_end = 0xe20b0000
                0x00000000e20b0000                _as_TIMERS = 0xe20b0000
                0x0000000000010000                _as_TIMERS_size = 0x10000
                0x00000000e20c0000                _as_TIMERS_end = 0xe20c0000
                0x00000000e20c0000                _as_PWM = 0xe20c0000
                0x0000000000010000                _as_PWM_size = 0x10000
                0x00000000e20d0000                _as_PWM_end = 0xe20d0000
                0x00000000e3000000                _as_DMAC0 = 0xe3000000
                0x0000000000010000                _as_DMAC0_size = 0x10000
                0x00000000e3010000                _as_DMAC0_end = 0xe3010000
                0x00000000e3010000                _as_DMAC1 = 0xe3010000
                0x0000000000010000                _as_DMAC1_size = 0x10000
                0x00000000e3020000                _as_DMAC1_end = 0xe3020000
                0x00000000e3020000                _as_CIF0 = 0xe3020000
                0x0000000000010000                _as_CIF0_size = 0x10000
                0x00000000e3030000                _as_CIF0_end = 0xe3030000
                0x00000000e3030000                _as_CIF1 = 0xe3030000
                0x0000000000010000                _as_CIF1_size = 0x10000
                0x00000000e3040000                _as_CIF1_end = 0xe3040000
                0x00000000e3040000                _as_CIF2 = 0xe3040000
                0x0000000000010000                _as_CIF2_size = 0x10000
                0x00000000e3050000                _as_CIF2_end = 0xe3050000
                0x00000000e3050000                _as_CSI0 = 0xe3050000
                0x0000000000010000                _as_CSI0_size = 0x10000
                0x00000000e3060000                _as_CSI0_end = 0xe3060000
                0x00000000e3060000                _as_CSI1 = 0xe3060000
                0x0000000000010000                _as_CSI1_size = 0x10000
                0x00000000e3070000                _as_CSI1_end = 0xe3070000
                0x00000000e3070000                _as_CSI2 = 0xe3070000
                0x0000000000010000                _as_CSI2_size = 0x10000
                0x00000000e3080000                _as_CSI2_end = 0xe3080000
                0x00000000e3100000                _as_PERVASIVE = 0xe3100000
                0x0000000000010000                _as_PERVASIVE_size = 0x10000
                0x00000000e3110000                _as_PERVASIVE_end = 0xe3110000
                0x00000000e3110000                _as_PERVASIVE2 = 0xe3110000
                0x0000000000010000                _as_PERVASIVE2_size = 0x10000
                0x00000000e3120000                _as_PERVASIVE2_end = 0xe3120000
                0x00000000e3200000                _as_ARM_DEBUG = 0xe3200000
                0x0000000000120000                _as_ARM_DEBUG_size = 0x120000
                0x00000000e3320000                _as_ARM_DEBUG_end = 0xe3320000
                0x00000000e3320000                _as_ARM_VFP = 0xe3320000
                0x0000000000010000                _as_ARM_VFP_size = 0x10000
                0x00000000e3330000                _as_ARM_VFP_end = 0xe3330000
                0x00000000e4000000                _as_USB0O = 0xe4000000
                0x0000000000010000                _as_USB0O_size = 0x10000
                0x00000000e4010000                _as_USB0O_end = 0xe4010000
                0x00000000e4010000                _as_USB0_OHCI = 0xe4010000
                0x0000000000010000                _as_USB0_OHCI_size = 0x10000
                0x00000000e4020000                _as_USB0_OHCI_end = 0xe4020000
                0x00000000e4020000                _as_USB2_OHCI = 0xe4020000
                0x0000000000010000                _as_USB2_OHCI_size = 0x10000
                0x00000000e4030000                _as_USB2_OHCI_end = 0xe4030000
                0x00000000e40b0000                _as_USB1_OHCI = 0xe40b0000
                0x0000000000010000                _as_USB1_OHCI_size = 0x10000
                0x00000000e40c0000                _as_USB1_OHCI_end = 0xe40c0000
                0x00000000e40c0000                _as_UDC1 = 0xe40c0000
                0x0000000000010000                _as_UDC1_size = 0x10000
                0x00000000e40d0000                _as_UDC1_end = 0xe40d0000
                0x00000000e40d0000                _as_UDC2 = 0xe40d0000
                0x0000000000010000                _as_UDC2_size = 0x10000
                0x00000000e40e0000                _as_UDC2_end = 0xe40e0000
                0x00000000e40e0000                _as_USBD_EHCI = 0xe40e0000
                0x0000000000010000                _as_USBD_EHCI_size = 0x10000
                0x00000000e40f0000                _as_USBD_EHCI_end = 0xe40f0000
                0x00000000e5000000                _as_DMAC2 = 0xe5000000
                0x0000000000010000                _as_DMAC2_size = 0x10000
                0x00000000e5010000                _as_DMAC2_end = 0xe5010000
                0x00000000e5010000                _as_DMAC3 = 0xe5010000
                0x0000000000010000                _as_DMAC3_size = 0x10000
                0x00000000e5020000                _as_DMAC3_end = 0xe5020000
                0x00000000e5020000                _as_IFTU0 = 0xe5020000
                0x0000000000010000                _as_IFTU0_size = 0x10000
                0x00000000e5030000                _as_IFTU0_end = 0xe5030000
                0x00000000e5030000                _as_IFTU1 = 0xe5030000
                0x0000000000010000                _as_IFTU1_size = 0x10000
                0x00000000e5040000                _as_IFTU1_end = 0xe5040000
                0x00000000e5040000                _as_IFTU2 = 0xe5040000
                0x0000000000010000                _as_IFTU2_size = 0x10000
                0x00000000e5050000                _as_IFTU2_end = 0xe5050000
                0x00000000e5050000                _as_DSI0 = 0xe5050000
                0x0000000000010000                _as_DSI0_size = 0x10000
                0x00000000e5060000                _as_DSI0_end = 0xe5060000
                0x00000000e5060000                _as_DSI1 = 0xe5060000
                0x0000000000010000                _as_DSI1_size = 0x10000
                0x00000000e5070000                _as_DSI1_end = 0xe5070000
                0x00000000e5070000                _as_COMPAT_MAILBOX = 0xe5070000
                0x0000000000010000                _as_COMPAT_MAILBOX_size = 0x10000
                0x00000000e5080000                _as_COMPAT_MAILBOX_end = 0xe5080000
                0x00000000e5080000                _as_COMPAT_LCDDMAC = 0xe5080000
                0x0000000000010000                _as_COMPAT_LCDDMAC_size = 0x10000
                0x00000000e5090000                _as_COMPAT_LCDDMAC_end = 0xe5090000
                0x00000000e50c0000                _as_DMAC6 = 0xe50c0000
                0x0000000000010000                _as_DMAC6_size = 0x10000
                0x00000000e50d0000                _as_DMAC6_end = 0xe50d0000
                0x00000000e50d0000                _as_PFM = 0xe50d0000
                0x0000000000010000                _as_PFM_size = 0x10000
                0x00000000e50e0000                _as_PFM_end = 0xe50e0000
                0x00000000e5800000                _as_SDIO0 = 0xe5800000
                0x0000000000010000                _as_SDIO0_size = 0x10000
                0x00000000e5810000                _as_SDIO0_end = 0xe5810000
                0x00000000e5810000                _as_SDIO1 = 0xe5810000
                0x0000000000010000                _as_SDIO1_size = 0x10000
                0x00000000e5820000                _as_SDIO1_end = 0xe5820000
                0x00000000e5880000                _as_LPDDR1_CFG = 0xe5880000
                0x0000000000010000                _as_LPDDR1_CFG_size = 0x10000
                0x00000000e5890000                _as_LPDDR1_CFG_end = 0xe5890000
                0x00000000e6000000                _as_LPDDR0_CFG = 0xe6000000
                0x0000000000010000                _as_LPDDR0_CFG_size = 0x10000
                0x00000000e6010000                _as_LPDDR0_CFG_end = 0xe6010000
                0x00000000e8000000                _as_REGBUS = 0xe8000000
                0x0000000000010000                _as_REGBUS_size = 0x10000
                0x00000000e8010000                _as_REGBUS_end = 0xe8010000
                0x00000000e8100000                _as_COMPAT_SRAM = 0xe8100000
                0x0000000000001000                _as_COMPAT_SRAM_size = 0x1000
                0x00000000e8101000                _as_COMPAT_SRAM_end = 0xe8101000
                0x00000000e8200000                _as_EMC_TOP = 0xe8200000
                0x0000000000001000                _as_EMC_TOP_size = 0x1000
                0x00000000e8201000                _as_EMC_TOP_end = 0xe8201000
                0x00000000e8300000                _as_GRAB = 0xe8300000
                0x0000000000010000                _as_GRAB_size = 0x10000
                0x00000000e8310000                _as_GRAB_end = 0xe8310000
                0x00000000e8400000                _as_SGX541ALL = 0xe8400000
                0x0000000000004000                _as_SGX541ALL_size = 0x4000
                0x00000000e8404000                _as_SGX541ALL_end = 0xe8404000
                0x00000000e8404000                _as_SGX541CORE0 = 0xe8404000
                0x0000000000004000                _as_SGX541CORE0_size = 0x4000
                0x00000000e8408000                _as_SGX541CORE0_end = 0xe8408000
                0x00000000e8408000                _as_SGX541CORE1 = 0xe8408000
                0x0000000000004000                _as_SGX541CORE1_size = 0x4000
                0x00000000e840c000                _as_SGX541CORE1_end = 0xe840c000
                0x00000000e840c000                _as_SGX541CORE2 = 0xe840c000
                0x0000000000004000                _as_SGX541CORE2_size = 0x4000
                0x00000000e8410000                _as_SGX541CORE2_end = 0xe8410000
                0x00000000e8410000                _as_SGX541CORE3 = 0xe8410000
                0x0000000000004000                _as_SGX541CORE3_size = 0x4000
                0x00000000e8414000                _as_SGX541CORE3_end = 0xe8414000
                0x00000000e8414000                _as_SGX541MP4P = 0xe8414000
                0x0000000000004000                _as_SGX541MP4P_size = 0x4000
                0x00000000e8418000                _as_SGX541MP4P_end = 0xe8418000
                0x00000000ec000000                _as_MAIN_XBAR = 0xec000000
                0x0000000000100000                _as_MAIN_XBAR_size = 0x100000
                0x00000000ec100000                _as_MAIN_XBAR_end = 0xec100000
                0x00000000ec100000                _as_CENTER_XBAR = 0xec100000
                0x0000000000100000                _as_CENTER_XBAR_size = 0x100000
                0x00000000ec200000                _as_CENTER_XBAR_end = 0xec200000
                0x00000000ec200000                _as_VIDEO_XBAR = 0xec200000
                0x0000000000100000                _as_VIDEO_XBAR_size = 0x100000
                0x00000000ec300000                _as_VIDEO_XBAR_end = 0xec300000
                0x00000000ec300000                _as_IFTU_XBAR = 0xec300000
                0x0000000000100000                _as_IFTU_XBAR_size = 0x100000
                0x00000000ec400000                _as_IFTU_XBAR_end = 0xec400000
                0x00000000ec400000                _as_VIP_XBAR = 0xec400000
                0x0000000000100000                _as_VIP_XBAR_size = 0x100000
                0x00000000ec500000                _as_VIP_XBAR_end = 0xec500000
                0x00000000ec500000                _as_DEBUG_BUS = 0xec500000
                0x0000000000100000                _as_DEBUG_BUS_size = 0x100000
                0x00000000ec600000                _as_DEBUG_BUS_end = 0xec600000
                0x00000000ec600000                _as_DMAC_XBAR = 0xec600000
                0x0000000000100000                _as_DMAC_XBAR_size = 0x100000
                0x00000000ec700000                _as_DMAC_XBAR_end = 0xec700000
                0x00000000ed000000                _as_IO_SLAVE_BUS = 0xed000000
                0x0000000000100000                _as_IO_SLAVE_BUS_size = 0x100000
                0x00000000ed100000                _as_IO_SLAVE_BUS_end = 0xed100000
                0x00000000ed100000                _as_IO_MASTER_BUS = 0xed100000
                0x0000000000100000                _as_IO_MASTER_BUS_size = 0x100000
                0x00000000ed200000                _as_IO_MASTER_BUS_end = 0xed200000
                0x00000000ed200000                _as_PERVASIVE_BUS = 0xed200000
                0x0000000000100000                _as_PERVASIVE_BUS_size = 0x100000
                0x00000000ed300000                _as_PERVASIVE_BUS_end = 0xed300000
                0x00000000ed300000                _as_MISC_IO_BUS = 0xed300000
                0x0000000000100000                _as_MISC_IO_BUS_size = 0x100000
                0x00000000ed400000                _as_MISC_IO_BUS_end = 0xed400000
                0x00000000ed400000                _as_NIO_MASTER_BUS = 0xed400000
                0x0000000000100000                _as_NIO_MASTER_BUS_size = 0x100000
                0x00000000ed500000                _as_NIO_MASTER_BUS_end = 0xed500000
                0x00000000ed500000                _as_AUDIO_BUS = 0xed500000
                0x0000000000100000                _as_AUDIO_BUS_size = 0x100000
                0x00000000ed600000                _as_AUDIO_BUS_end = 0xed600000
                0x00000000ed600000                _as_NIO_SLAVE_BUS = 0xed600000
                0x0000000000100000                _as_NIO_SLAVE_BUS_size = 0x100000
                0x00000000ed700000                _as_NIO_SLAVE_BUS_end = 0xed700000
                0x00000000ed700000                _as_SRC_BUS = 0xed700000
                0x0000000000100000                _as_SRC_BUS_size = 0x100000
                0x00000000ed800000                _as_SRC_BUS_end = 0xed800000
                0x00000000ed800000                _as_GPU_REG_BUS = 0xed800000
                0x0000000000100000                _as_GPU_REG_BUS_size = 0x100000
                0x00000000ed900000                _as_GPU_REG_BUS_end = 0xed900000
                0x00000000ed900000                _as_IFTU_REG_BUS = 0xed900000
                0x0000000000100000                _as_IFTU_REG_BUS_size = 0x100000
                0x00000000eda00000                _as_IFTU_REG_BUS_end = 0xeda00000
                0x00000000ee000000                _as_CAM_SLAVE_BUS = 0xee000000
                0x0000000000100000                _as_CAM_SLAVE_BUS_size = 0x100000
                0x00000000ee100000                _as_CAM_SLAVE_BUS_end = 0xee100000
                0x00000000ee100000                _as_CAM_MASTER_BUS = 0xee100000
                0x0000000000100000                _as_CAM_MASTER_BUS_size = 0x100000
                0x00000000ee200000                _as_CAM_MASTER_BUS_end = 0xee200000
                0x00000000ee200000                _as_USB_SLAVE_BUS = 0xee200000
                0x0000000000100000                _as_USB_SLAVE_BUS_size = 0x100000
                0x00000000ee300000                _as_USB_SLAVE_BUS_end = 0xee300000
                0x00000000ee300000                _as_USB_MASTER_BUS = 0xee300000
                0x0000000000100000                _as_USB_MASTER_BUS_size = 0x100000
                0x00000000ee400000                _as_USB_MASTER_BUS_end = 0xee400000
                0x00000000ee400000                _as_SLCD_SLAVE_BUS = 0xee400000
                0x0000000000100000                _as_SLCD_SLAVE_BUS_size = 0x100000
                0x00000000ee500000                _as_SLCD_SLAVE_BUS_end = 0xee500000
                0x00000000ee500000                _as_SLCD_MASTER_BUS = 0xee500000
                0x0000000000100000                _as_SLCD_MASTER_BUS_size = 0x100000
                0x00000000ee600000                _as_SLCD_MASTER_BUS_end = 0xee600000
                0x00000000ee600000                _as_CAM_REG_BUS = 0xee600000
                0x0000000000100000                _as_CAM_REG_BUS_size = 0x100000
                0x00000000ee700000                _as_CAM_REG_BUS_end = 0xee700000
                0x0000000000040000                cfg_PROG_load_addr = 0x40000
                0x000000000004a000                cfg_PROG_uses_end = 0x4a000
                0x000000000004a000                cfg_sp_addr = cfg_PROG_uses_end
                0x0000000000002000                cfg_sp_size = 0x2000
                0x0000000000048000                cfg_PROG_load_end = (cfg_sp_addr - cfg_sp_size)
                0x0000000000008000                cfg_PROG_max_size = 0x8000
                0x000000000004d666                cfg_gp_addr = (PROG_sdastart + 0x8000)
                0x0000000000048000                cfg_tp_addr = cfg_PROG_load_end
                0x0000000000040000                . = cfg_PROG_load_addr

.text           0x0000000000040000     0x5666
 *(.text.vectors)
 .text.vectors  0x0000000000040000       0xe0 source/glitch_vector.ao
                0x0000000000040000                vectors_exceptions
                0x0000000000040034                vectors_interrupts
                0x00000000000400b0                s_init
                0x00000000000400b4                s_glitch_init
                0x00000000000400b8                s_get_build_timestamp
                0x00000000000400bc                s_printFormat
                0x00000000000400c0                s_alice_stopReloadAlice
                0x00000000000400c4                s_rpc_loop
                0x00000000000400c8                s_ce_framework
                0x00000000000400cc                s_keygx
                0x00000000000400d0                g_bobcprm
 *(.text.exs)
 .text.exs      0x00000000000400e0       0xd8 source/glitch.o
                0x00000000000400e0                glitch_init
 .text.exs      0x00000000000401b8      0x138 source/ex.ao
                0x00000000000401b8                ex_save_ctx
                0x00000000000401f8                ex_restore_ctx
                0x0000000000040236                s_SWI
                0x000000000004025e                s_IRQ
                0x0000000000040286                s_DBG
                0x00000000000402ae                s_GLITCH
                0x00000000000402c6                s_RESET
                0x00000000000402dc                ex_cxctable
 *(.text .text.* .gnu.linkonce.t.*)
 .text          0x00000000000402f0      0x628 source/alice.o
                0x00000000000402f0                alice_get_task_status
                0x000000000004031e                alice_loadAlice
                0x0000000000040422                alice_stopReloadAlice
                0x00000000000404b2                alice_schedule_task
                0x0000000000040564                alice_schedule_bob_task
                0x00000000000405d4                alice_handleCmd
 .text          0x0000000000040918      0x104 source/clib.o
                0x0000000000040918                memset8
                0x000000000004093e                memset32
                0x0000000000040960                memset
                0x000000000004098c                memcpy
                0x00000000000409ca                memcmp
                0x0000000000040a0e                strlen
 .text          0x0000000000040a1c      0x82c source/compat.o
                0x0000000000040a1c                compat_Cry2Arm0
                0x0000000000040ca6                compat_Arm2Cry0_handleCmd
                0x0000000000040d90                compat_Arm2Cry0123
                0x0000000000040e34                compat_pListCopy
                0x0000000000040e7e                compat_armReBoot
                0x0000000000040fcc                compat_killArm
                0x000000000004106a                compat_pspemuColdInit
                0x00000000000411a2                compat_handleAllegrex
 .text          0x0000000000041248      0x1da source/config.o
                0x0000000000041248                config_set_dfl_test
                0x000000000004131a                config_parse
 .text          0x0000000000041422      0x1a8 source/crypto.o
                0x0000000000041422                crypto_bigmacDefaultCmd
                0x00000000000414e6                crypto_waitStopBigmacOps
                0x0000000000041570                crypto_memset
                0x00000000000415ac                crypto_keygx
 .text          0x00000000000415ca      0x5b6 source/debug.o
                0x00000000000415ca                dbgr_print
                0x00000000000415ea                dbgr_scan
                0x0000000000041612                dbgr_flush
                0x0000000000041628                debug_printHU64
                0x00000000000416cc                debug_printDI32
                0x0000000000041766                debug_printFormat
                0x0000000000041ae6                debug_printRange
                0x0000000000041b0e                debug_setGpoCode
                0x0000000000041b38                debug_c_regdump
 .text          0x0000000000041b80      0x27e source/dram.o
                0x0000000000041cfc                dram_init
 .text          0x0000000000041dfe      0x3d6 source/ernie.o
                0x0000000000041dfe                ernie_write
                0x0000000000041e56                ernie_read
                0x0000000000041ed0                ernie_exec
                0x0000000000041f6c                ernie_exec_cmd
                0x0000000000041ffe                ernie_exec_cmd_short
                0x000000000004201a                ernie_3auth_single
                0x0000000000042150                ernie_init
 .text          0x00000000000421d4      0x2b2 source/ex.o
                0x00000000000421d4                c_RESET
                0x000000000004225e                c_SWI
                0x00000000000422d2                c_IRQ
                0x0000000000042348                c_OTHER_INT
                0x000000000004237a                c_OTHER_EXC
                0x00000000000423ac                PANIC
                0x00000000000423e2                c_DBG
                0x0000000000042426                set_exception_table
 .text          0x0000000000042486        0x0 source/glitch.o
 .text          0x0000000000042486      0x21a source/gpio.o
                0x0000000000042486                gpio_set_port_mode
                0x00000000000424a4                gpio_port_read
                0x00000000000424ba                gpio_port_set
                0x00000000000424da                gpio_port_clear
                0x00000000000424fa                gpio_set_intr_mode
                0x0000000000042542                gpio_query_intr
                0x00000000000425ae                gpio_acquire_intr
                0x0000000000042632                gpio_enable_port
                0x000000000004264e                gpio_init
 .text          0x00000000000426a0        0x0 source/heap.o
 .text          0x00000000000426a0      0x1f0 source/i2.o
                0x00000000000426ae                i2c_init_bus
                0x0000000000042720                i2c_transfer_write
                0x000000000004277c                i2c_transfer_write_short
                0x000000000004278e                i2c_transfer_read
                0x00000000000427f8                i2c_transfer_write_read
 .text          0x0000000000042890      0x1de source/jig.o
                0x0000000000042890                jig_update_shared_buffer
                0x0000000000042990                jig_read_shared_buffer
 .text          0x0000000000042a6e       0xee source/maika.o
                0x0000000000042a6e                readAs
                0x0000000000042aa4                writeAs
                0x0000000000042ac8                keyring_slot_data
                0x0000000000042b36                keyring_slot_prot
 .text          0x0000000000042b5c      0x24a source/main.o
                0x0000000000042b5c                ce_framework
                0x0000000000042cc2                init
 .text          0x0000000000042da6       0xe0 source/perv.o
                0x0000000000042da6                pervasive_control_reset
                0x0000000000042dee                pervasive_control_gate
                0x0000000000042e36                pervasive_control_clock
                0x0000000000042e60                pervasive_control_misc
 .text          0x0000000000042e86      0x25c source/regina.o
                0x0000000000042e86                regina_loadRegina
                0x0000000000042f7a                regina_sendCmd
 *fill*         0x00000000000430e2        0x2 
 .text          0x00000000000430e4      0x858 source/rp.o
                0x000000000004382c                rpc_loop
 .text          0x000000000004393c     0x1308 source/sdif.o
                0x000000000004452a                sdif_read_sector_sd
                0x00000000000445a6                sdif_write_sector_sd
                0x0000000000044622                sdif_read_sector_mmc
                0x00000000000446ce                sdif_write_sector_mmc
                0x000000000004477a                sdif_init_ctx
                0x0000000000044804                sdif_init_sd
                0x0000000000044a66                sdif_init_mmc
 .text          0x0000000000044c44        0x4 source/sm.o
                0x0000000000044c44                sm_loadstart
 .text          0x0000000000044c48       0xdc source/spi.o
                0x0000000000044c48                spi_init
                0x0000000000044caa                spi_write_start
                0x0000000000044cca                spi_write_end
                0x0000000000044ce6                spi_write
                0x0000000000044cf4                spi_read_available
                0x0000000000044d02                spi_read
                0x0000000000044d0e                spi_read_end
 .text          0x0000000000044d24      0x396 source/stor.o
                0x0000000000044de6                stor_init_sd
                0x0000000000044e64                stor_init_emmc
                0x0000000000044ee0                stor_read_sd
                0x0000000000044f30                stor_write_sd
                0x0000000000044f80                stor_read_emmc
                0x0000000000044fd0                stor_write_emmc
                0x0000000000045020                stor_export_ctx
                0x0000000000045066                stor_import_ctx
 .text          0x00000000000450ba       0xd8 source/test.o
                0x00000000000450ba                dfl_test
                0x0000000000045136                glitch_test
 .text          0x0000000000045192      0x288 source/uart.o
                0x0000000000045192                uart_init
                0x0000000000045222                uart_write
                0x000000000004523e                uart_read
                0x0000000000045272                uart_rxfifo_flush
                0x000000000004529a                uart_print
                0x00000000000452d4                uart_printn
                0x0000000000045318                uart_printr
                0x0000000000045356                uart_scann
                0x00000000000453b0                uart_scanns
 .text          0x000000000004541a       0xec source/utils.o
                0x000000000004541a                delay_nx
                0x0000000000045444                get_build_timestamp
                0x000000000004544e                setup_ints
                0x00000000000454b2                intr_mask
                0x00000000000454fc                stub
 .text          0x0000000000045506        0x0 source/ex.ao
 .text          0x0000000000045506        0x0 source/glitch_vector.ao
 .text          0x0000000000045506       0xe0 source/debug.ao
                0x0000000000045506                debug_s_regdump
 .text          0x00000000000455e6       0x80 source/util.ao
                0x00000000000455e6                delay
                0x00000000000455ee                cbus_read
                0x0000000000045604                _cb_r_ins
                0x000000000004560e                cbus_write
                0x0000000000045624                _cb_w_ins
                0x000000000004562e                set_dbg_mode
                0x0000000000045642                enable_icache
 .text          0x0000000000045666        0x0 source/glitch_config.ao
                0x0000000000045666                PROG_sdastart = .

.rodata         0x0000000000045668      0x83c
 *(.rodata .rodata.* .gnu.linkonce.r.*)
 .rodata        0x0000000000045668      0x138 source/alice.o
 .rodata        0x00000000000457a0       0xa4 source/compat.o
 .rodata        0x0000000000045844        0x4 source/crypto.o
 .rodata        0x0000000000045848       0x4c source/debug.o
 .rodata        0x0000000000045894       0xf0 source/ex.o
 .rodata        0x0000000000045984       0x98 source/glitch.o
 .rodata        0x0000000000045a1c       0x28 source/main.o
 .rodata        0x0000000000045a44      0x180 source/regina.o
 .rodata        0x0000000000045bc4      0x114 source/rp.o
 .rodata        0x0000000000045cd8      0x124 source/stor.o
 .rodata        0x0000000000045dfc       0xa8 source/test.o
 *(.srodata .srodata.*)

.frodata        0x0000000000045ea4       0x64
 .frodata       0x0000000000045ea4       0x10 source/compat.o
 .frodata       0x0000000000045eb4       0x20 source/crypto.o
 .frodata       0x0000000000045ed4       0x14 source/debug.o
 .frodata       0x0000000000045ee8       0x20 source/sdif.o

.cfgdata        0x0000000000045f08       0x6c
                0x0000000000045f08                PROG_cfg_addr = .
 *(.cfgdata .cfgdata.*)
 .cfgdata       0x0000000000045f08       0x6c source/glitch_config.ao
                0x0000000000045f08                g_config
                0x0000000000045f18                g_iceparams
                0x0000000000045f68                g_debug_route
                0x0000000000045f6c                g_debug_level
                0x0000000000045f70                g_state

.data           0x0000000000045f74      0x2c4
 *(.data .data.* .gnu.linkonce.d.*)
 .data          0x0000000000045f74        0x0 source/alice.o
 .data          0x0000000000045f74        0x0 source/clib.o
 .data          0x0000000000045f74        0x0 source/compat.o
 .data          0x0000000000045f74        0x0 source/config.o
 .data          0x0000000000045f74        0x0 source/crypto.o
 .data          0x0000000000045f74        0x0 source/debug.o
 .data          0x0000000000045f74        0x0 source/dram.o
 .data          0x0000000000045f74        0x0 source/ernie.o
 .data          0x0000000000045f74        0x0 source/ex.o
 .data          0x0000000000045f74        0x0 source/glitch.o
 .data          0x0000000000045f74        0x0 source/gpio.o
 .data          0x0000000000045f74        0x0 source/heap.o
 .data          0x0000000000045f74        0x0 source/i2.o
 .data          0x0000000000045f74        0x0 source/jig.o
 .data          0x0000000000045f74        0x0 source/maika.o
 .data          0x0000000000045f74        0x0 source/main.o
 .data          0x0000000000045f74        0x0 source/perv.o
 .data          0x0000000000045f74        0x0 source/regina.o
 .data          0x0000000000045f74        0x0 source/rp.o
 .data          0x0000000000045f74        0x0 source/sdif.o
 .data          0x0000000000045f74        0x0 source/sm.o
 .data          0x0000000000045f74        0x0 source/spi.o
 .data          0x0000000000045f74        0x0 source/stor.o
 .data          0x0000000000045f74        0x0 source/test.o
 .data          0x0000000000045f74        0x0 source/uart.o
 .data          0x0000000000045f74        0x0 source/utils.o
 .data          0x0000000000045f74        0x0 source/ex.ao
 .data          0x0000000000045f74        0x0 source/glitch_vector.ao
 .data          0x0000000000045f74        0x0 source/debug.ao
 .data          0x0000000000045f74        0x0 source/util.ao
 .data          0x0000000000045f74        0x0 source/glitch_config.ao
 *(.sdata .sdata.*)
 .sdata         0x0000000000045f74       0x14 source/alice.o
                0x0000000000045f74                alice_b2a_shmem
                0x0000000000045f78                alice_core_status
                0x0000000000045f7c                alice_tasks
                0x0000000000045f80                alice_xcfg
                0x0000000000045f84                alice_vectors
 .sdata         0x0000000000045f88        0x4 source/rp.o
                0x0000000000045f88                g_rpc_status
 .sdata         0x0000000000045f8c        0x4 source/uart.o
                0x0000000000045f8c                g_uart_bus
 *(.far .far.*)
 .far           0x0000000000045f90      0x250 source/dram.o
 .far           0x00000000000461e0        0x8 source/main.o
                0x00000000000461e0                g_cefw_progress
 .far           0x00000000000461e8       0x20 source/sdif.o
 *(.comment .comment.*)
 .comment       0x0000000000046208       0x30 source/alice.o
                                         0x31 (size before relaxing)
 .comment       0x0000000000046238       0x31 source/clib.o
 .comment       0x0000000000046238       0x31 source/compat.o
 .comment       0x0000000000046238       0x31 source/config.o
 .comment       0x0000000000046238       0x31 source/crypto.o
 .comment       0x0000000000046238       0x31 source/debug.o
 .comment       0x0000000000046238       0x31 source/dram.o
 .comment       0x0000000000046238       0x31 source/ernie.o
 .comment       0x0000000000046238       0x31 source/ex.o
 .comment       0x0000000000046238       0x31 source/glitch.o
 .comment       0x0000000000046238       0x31 source/gpio.o
 .comment       0x0000000000046238       0x31 source/heap.o
 .comment       0x0000000000046238       0x31 source/i2.o
 .comment       0x0000000000046238       0x31 source/jig.o
 .comment       0x0000000000046238       0x31 source/maika.o
 .comment       0x0000000000046238       0x31 source/main.o
 .comment       0x0000000000046238       0x31 source/perv.o
 .comment       0x0000000000046238       0x31 source/regina.o
 .comment       0x0000000000046238       0x31 source/rp.o
 .comment       0x0000000000046238       0x31 source/sdif.o
 .comment       0x0000000000046238       0x31 source/sm.o
 .comment       0x0000000000046238       0x31 source/spi.o
 .comment       0x0000000000046238       0x31 source/stor.o
 .comment       0x0000000000046238       0x31 source/test.o
 .comment       0x0000000000046238       0x31 source/uart.o
 .comment       0x0000000000046238       0x31 source/utils.o

.bss            0x0000000000046238       0xbc
                0x0000000000046238                PROG_bss_addr = .
 *(.bss .bss.* .gnu.linkonce.b.*)
 .bss           0x0000000000046238        0x0 source/alice.o
 .bss           0x0000000000046238        0x0 source/clib.o
 .bss           0x0000000000046238        0x0 source/compat.o
 .bss           0x0000000000046238        0x0 source/config.o
 .bss           0x0000000000046238        0x0 source/crypto.o
 .bss           0x0000000000046238        0x0 source/debug.o
 .bss           0x0000000000046238        0x0 source/dram.o
 .bss           0x0000000000046238        0x0 source/ernie.o
 .bss           0x0000000000046238        0x0 source/ex.o
 .bss           0x0000000000046238        0x0 source/glitch.o
 .bss           0x0000000000046238        0x0 source/gpio.o
 .bss           0x0000000000046238        0x0 source/heap.o
 .bss           0x0000000000046238        0x0 source/i2.o
 .bss           0x0000000000046238        0x0 source/jig.o
 .bss           0x0000000000046238        0x0 source/maika.o
 .bss           0x0000000000046238        0x0 source/main.o
 .bss           0x0000000000046238        0x0 source/perv.o
 .bss           0x0000000000046238        0x0 source/regina.o
 .bss           0x0000000000046238        0x0 source/rp.o
 .bss           0x0000000000046238        0x0 source/sdif.o
 .bss           0x0000000000046238        0x0 source/sm.o
 .bss           0x0000000000046238        0x0 source/spi.o
 .bss           0x0000000000046238        0x0 source/stor.o
 .bss           0x0000000000046238        0x0 source/test.o
 .bss           0x0000000000046238        0x0 source/uart.o
 .bss           0x0000000000046238        0x0 source/utils.o
 .bss           0x0000000000046238        0x0 source/ex.ao
 .bss           0x0000000000046238        0x0 source/glitch_vector.ao
 .bss           0x0000000000046238        0x0 source/debug.ao
 .bss           0x0000000000046238        0x0 source/util.ao
 .bss           0x0000000000046238        0x0 source/glitch_config.ao
 *(.sbss .sbss.*)
 .sbss          0x0000000000046238        0x4 source/compat.o
 *(.farbss .farbss.*)
 .farbss        0x000000000004623c       0x40 source/ernie.o
                0x000000000004623c                g_ernie_comms
 .farbss        0x000000000004627c       0x78 source/stor.o
 *(.scommon)
 *(COMMON)
                0x00000000000462f4                . = ALIGN (0x4)
                0x00000000000462f4                PROG_bss_end = .
                0x00000000000462f4                PROG_heap_start = .
                0x00000000000062f4                PROG_act_size = (PROG_bss_end - cfg_PROG_load_addr)
                0x0000000000005f08                PROG_cfgoff = (PROG_cfg_addr - cfg_PROG_load_addr)
                0x000000000004d666                __sdabase = cfg_gp_addr
                0x0000000000000001                ASSERT (! ((PROG_act_size > cfg_PROG_max_size)), ERROR: act_size > max_size)
OUTPUT(bob_glitch.elf elf32-mep-little)
